Created 2026-09-08 15:34:22
-- Request.http --
GET /user/1 HTTP/1.1
Host: example.com

-- Response.http --
HTTP/1.1 500 Internal Server Error
Connection: close
Content-Type: application/json; charset=utf-8

{
  "error": {
    "code": "INTERNAL_SERVER_ERROR",
    "message": "An unexpected error occurred. Please try again later."
  }
}
